
[1m[46m RUN [49m[22m [36mv4.0.15 [39m[90mC:/Bhargav/FabricSpeaks/Fabric Speaks[39m

[90mstdout[2m | tests/integration/settings.test.ts
[22m[39m[dotenv@17.2.3] injecting env (3) from .env.test -- tip: ≡ƒöÉ prevent committing .env to code: https://dotenvx.com/precommit

[90mstdout[2m | tests/integration/settings.test.ts[2m > [22m[2mSettings API Integration[2m > [22m[2mAdmin Invitations[2m > [22m[2mshould create an invitation
[22m[39m2025-12-03 11:02:54 [[32minfo[39m]: Admin invitation created {"service":"fabric-speaks-api","environment":"test","version":"1.0.0","email":"new@example.com","role":"admin","invitedBy":"admin-id","expiresAt":"2025-12-10T05:32:54.386Z"}
2025-12-03 11:02:54 [[31merror[39m]: Audit logging exception {"service":"fabric-speaks-api","environment":"test","version":"1.0.0","error":"__vite_ssr_import_0__.supabase.rpc is not a function","entry":{"userId":"admin-id","action":"CREATE","resourceType":"ADMIN_USER","resourceId":"inv1","changes":{"email":"new@example.com","role":"admin"}}}

[90mstdout[2m | tests/integration/settings.test.ts[2m > [22m[2mSettings API Integration[2m > [22m[2mAdmin Invitations[2m > [22m[2mshould create an invitation
[22m[39m2025-12-03 11:02:54 [[31merror[39m]: Failed to create admin invitation {"service":"fabric-speaks-api","environment":"test","version":"1.0.0","email":"new@example.com","role":"admin","invitedBy":"admin-id","error":"__vite_ssr_import_0__.supabase.rpc is not a function"}

 [31mΓ¥»[39m tests/integration/settings.test.ts [2m([22m[2m4 tests[22m[2m | [22m[31m3 failed[39m[2m)[22m[33m 20077[2mms[22m[39m
[31m       [31m├ù[31m should create an invitation[39m[33m 20025[2mms[22m[39m
       [32mΓ£ô[39m should list invitations[32m 40[2mms[22m[39m
[31m       [31m├ù[31m should get preferences[39m[32m 3[2mms[22m[39m
[31m       [31m├ù[31m should update preferences[39m[32m 3[2mms[22m[39m
npx : 
At line:1 char:1
+ npx vitest run tests/integration/settings.test.ts > test_output.txt 2 ...
+ ~~~~~~~~~~~~~~~~~~~~~~~~~~~~~~~~~~~~~~~~~~~~~~~~~~~~~~~~~~~~~~~~~~~~~
    + CategoryInfo          : NotSpecified: (:String) [], RemoteException
    + FullyQualifiedErrorId : NativeCommandError
 
[31mΓÄ»ΓÄ»ΓÄ»ΓÄ»ΓÄ»ΓÄ»ΓÄ»[39m[1m[41m Failed Tests 3 [49m[22m[31mΓÄ»ΓÄ»ΓÄ»ΓÄ»ΓÄ»ΓÄ»ΓÄ»[39m

[41m[1m FAIL [22m[49m tests/integration/settings.test.ts[2m > [22mSettings API Integration[2m > [22mAdmin Invitations[2m > [22mshould create an invitation
[31m[1mError[22m: Test timed out in 20000ms.
If this is a long-running test, pass a timeout value as the last argument or configure it globally with "testTimeout".[39m
[36m [2mΓ¥»[22m tests/integration/settings.test.ts:[2m87:5[22m[39m
    [90m 85| [39m
    [90m 86| [39m  [34mdescribe[39m([32m'Admin Invitations'[39m[33m,[39m () [33m=>[39m {
    [90m 87| [39m    [34mit[39m([32m'should create an invitation'[39m[33m,[39m [35masync[39m () [33m=>[39m {
    [90m   | [39m    [31m^[39m
    [90m 88| [39m      [90m// Mock profile check (user doesn't exist)[39m
    [90m 89| [39m      (supabase[33m.[39m[35mfrom[39m [35mas[39m any)[33m.[39m[34mmockReturnValueOnce[39m({

[31m[2mΓÄ»ΓÄ»ΓÄ»ΓÄ»ΓÄ»ΓÄ»ΓÄ»ΓÄ»ΓÄ»ΓÄ»ΓÄ»ΓÄ»ΓÄ»ΓÄ»ΓÄ»ΓÄ»ΓÄ»ΓÄ»ΓÄ»ΓÄ»ΓÄ»ΓÄ»ΓÄ»ΓÄ»[1/3]ΓÄ»[22m[39m

[41m[1m FAIL [22m[49m tests/integration/settings.test.ts[2m > [22mSettings API Integration[2m > [22mNotification Preferences[2m > [22mshould get preferences
[31m[1mReferenceError[22m: mockQueryBuilder is not defined[39m
[36m [2mΓ¥»[22m tests/integration/settings.test.ts:[2m142:28[22m[39m
    [90m140| [39m      const mockPrefs = [{ admin_user_id: 'admin-id', channels: { emaiΓÇª
    [90m141| [39m      
    [90m142| [39m      [35mconst[39m queryBuilder [33m=[39m {
    [90m   | [39m                           [31m^[39m
    [90m143| [39m        [33m...[39mmockQueryBuilder[33m,[39m
    [90m144| [39m        then[33m:[39m vi[33m.[39m[34mfn[39m((cb) [33m=>[39m 
[33mPromise[39m[33m.[39m[34mresolve[39m(mockPrefs)[33m.[39m[34mthen[39m(cb))

[31m[2mΓÄ»ΓÄ»ΓÄ»ΓÄ»ΓÄ»ΓÄ»ΓÄ»ΓÄ»ΓÄ»ΓÄ»ΓÄ»ΓÄ»ΓÄ»ΓÄ»ΓÄ»ΓÄ»ΓÄ»ΓÄ»ΓÄ»ΓÄ»ΓÄ»ΓÄ»ΓÄ»ΓÄ»[2/3]ΓÄ»[22m[39m

[41m[1m FAIL [22m[49m tests/integration/settings.test.ts[2m > [22mSettings API Integration[2m > [22mNotification Preferences[2m > [22mshould update preferences
[31m[1mReferenceError[22m: mockQueryBuilder is not defined[39m
[36m [2mΓ¥»[22m tests/integration/settings.test.ts:[2m158:34[22m[39m
    [90m156| [39m      
    [90m157| [39m      [90m// Mock existing check[39m
    [90m158| [39m      [35mconst[39m queryBuilderSelect [33m=[39m {
    [90m   | [39m                                 [31m^[39m
    [90m159| [39m        [33m...[39mmockQueryBuilder[33m,[39m
    [90m160| [39m        then[33m:[39m vi[33m.[39m[34mfn[39m((cb) [33m=>[39m 
[33mPromise[39m[33m.[39m[34mresolve[39m(mockPrefs)[33m.[39m[34mthen[39m(cb))

[31m[2mΓÄ»ΓÄ»ΓÄ»ΓÄ»ΓÄ»ΓÄ»ΓÄ»ΓÄ»ΓÄ»ΓÄ»ΓÄ»ΓÄ»ΓÄ»ΓÄ»ΓÄ»ΓÄ»ΓÄ»ΓÄ»ΓÄ»ΓÄ»ΓÄ»ΓÄ»ΓÄ»ΓÄ»[3/3]ΓÄ»[22m[39m

[31mΓÄ»ΓÄ»ΓÄ»ΓÄ»ΓÄ»ΓÄ»[39m[1m[41m Unhandled Errors [49m[22m[31mΓÄ»ΓÄ»ΓÄ»ΓÄ»ΓÄ»ΓÄ»[39m
[31m[1m
Vitest caught 1 unhandled error during the test run.
This might cause false positive tests. Resolve unhandled errors to make sure your tests are not affected.[22m[39m

[31mΓÄ»ΓÄ»ΓÄ»ΓÄ»[39m[1m[41m Unhandled Rejection [49m[22m[31mΓÄ»ΓÄ»ΓÄ»ΓÄ»ΓÄ»[39m
[31m[1mTypeError[22m: __vite_ssr_import_0__.supabase.rpc is not a function[39m
[36m [2mΓ¥»[22m logAuditEvent server/utils/auditLog.ts:[2m71:38[22m[39m
    [90m 69| [39mexport async function logAuditEvent(entry: AuditLogEntry): Promise<strΓÇª
    [90m 70| [39m  [35mtry[39m {
    [90m 71| [39m    [35mconst[39m { data[33m,[39m error } [33m=[39m [35mawait[39m db[33m.[39m[34mrpc[39m([32m'log_audit_event'[39m[33m,[39m {
    [90m   | [39m                                     [31m^[39m
    [90m 72| [39m      p_user_id[33m:[39m entry[33m.[39muserId[33m,[39m
    [90m 73| [39m      p_action[33m:[39m entry[33m.[39maction[33m,[39m
[90m [2mΓ¥»[22m createAdminInvitation server/adminInvitations.ts:[2m123:11[22m[39m
[90m [2mΓ¥»[22m processTicksAndRejections node:internal/process/task_queues:[2m95:5[22m[39m
[90m [2mΓ¥»[22m inviteAdminHandler server/adminInvitations.ts:[2m361:24[22m[39m

[31mThis error originated in "[1mtests/integration/settings.test.ts[22m" test file. It doesn't mean the error was thrown inside the file itself, but while it was 
running.[39m
[31mThe latest test that might've caused the error is "[1mshould create an invitation[22m". It might mean one of the following:
- The error was thrown, while Vitest was running this test.
- If the error occurred after the test had been completed, this was the last documented test before it was thrown.[39m
[31mΓÄ»ΓÄ»ΓÄ»ΓÄ»ΓÄ»ΓÄ»ΓÄ»ΓÄ»ΓÄ»ΓÄ»ΓÄ»ΓÄ»ΓÄ»ΓÄ»ΓÄ»ΓÄ»ΓÄ»ΓÄ»ΓÄ»ΓÄ»ΓÄ»ΓÄ»ΓÄ»ΓÄ»ΓÄ»ΓÄ»ΓÄ»ΓÄ»ΓÄ»ΓÄ»[39m


[2m Test Files [22m [1m[31m1 failed[39m[22m[90m (1)[39m
[2m      Tests [22m [1m[31m3 failed[39m[22m[2m | [22m[1m[32m1 passed[39m[22m[90m (4)[39m
[2m     Errors [22m [1m[31m1 error[39m[22m
[2m   Start at [22m 11:02:48
[2m   Duration [22m 25.68s[2m (transform 874ms, setup 229ms, import 3.07s, tests 20.08s, environment 1ms)[22m

