
> rest-express@1.0.0 check
> tsc

client/src/components/admin/customers/CustomerDetails.tsx(37,26): error TS2339: Property 'totalOrders' does not exist on type 'AdminCustomer'.
client/src/components/admin/customers/CustomerDetails.tsx(38,20): error TS2339: Property 'totalSpent' does not exist on type 'AdminCustomer'.
client/src/components/admin/customers/CustomerDetails.tsx(38,42): error TS2339: Property 'totalOrders' does not exist on type 'AdminCustomer'.
client/src/components/admin/customers/CustomerDetails.tsx(48,58): error TS2339: Property 'name' does not exist on type 'AdminCustomer'.
client/src/components/admin/customers/CustomerDetails.tsx(54,39): error TS2339: Property 'name' does not exist on type 'AdminCustomer'.
client/src/components/admin/customers/CustomerDetails.tsx(58,93): error TS2551: Property 'created_at' does not exist on type 'AdminCustomer'. Did you mean 'createdAt'?
client/src/components/admin/customers/CustomerDetails.tsx(66,95): error TS2339: Property 'totalSpent' does not exist on type 'AdminCustomer'.
client/src/components/admin/customers/CustomerDetails.tsx(71,80): error TS2339: Property 'totalOrders' does not exist on type 'AdminCustomer'.
client/src/components/admin/customers/CustomerDetails.tsx(115,43): error TS2339: Property 'lastOrderDate' does not exist on type 'AdminCustomer'.
client/src/components/admin/customers/CustomerDetails.tsx(116,59): error TS2339: Property 'lastOrderDate' does not exist on type 'AdminCustomer'.
client/src/components/admin/customers/CustomerDetails.tsx(124,27): error TS2339: Property 'addresses' does not exist on type 'AdminCustomer'.
client/src/components/admin/customers/CustomerDetails.tsx(124,49): error TS2339: Property 'addresses' does not exist on type 'AdminCustomer'.
client/src/components/admin/customers/CustomerDetails.tsx(131,39): error TS2339: Property 'addresses' does not exist on type 'AdminCustomer'.
client/src/components/admin/customers/CustomerDetails.tsx(131,54): error TS7006: Parameter 'address' implicitly has an 'any' type.
client/src/components/admin/customers/CustomerDetails.tsx(131,63): error TS7006: Parameter 'index' implicitly has an 'any' type.
client/src/components/admin/customers/CustomerOrders.tsx(36,52): error TS2353: Object literal may only specify known properties, and 'customerId' does not exist in type 'OrderFilters'.
client/src/components/admin/customers/CustomerTable.tsx(115,43): error TS2339: Property 'name' does not exist on type 'AdminCustomer'.
client/src/components/admin/customers/CustomerTable.tsx(116,65): error TS2551: Property 'created_at' does not exist on type 'AdminCustomer'. Did you mean 'createdAt'?
client/src/components/admin/customers/CustomerTable.tsx(168,25): error TS2339: Property 'totalOrders' does not exist on type 'AdminCustomer'.
client/src/components/admin/customers/CustomerTable.tsx(186,40): error TS2339: Property 'totalSpent' does not exist on type 'AdminCustomer'.
client/src/components/admin/customers/CustomerTable.tsx(195,25): error TS2339: Property 'lastOrderDate' does not exist on type 'AdminCustomer'.
client/src/components/admin/customers/CustomerTable.tsx(196,39): error TS2339: Property 'lastOrderDate' does not exist on type 'AdminCustomer'.
client/src/components/admin/customers/CustomerTable.tsx(208,72): error TS2339: Property 'name' does not exist on type 'AdminCustomer'.
client/src/components/admin/customers/CustomerTable.tsx(221,50): error TS2339: Property 'name' does not exist on type 'AdminCustomer'.
client/src/components/admin/dashboard/QuickActions.tsx(21,15): error TS2305: Module '"@/types/admin"' has no exported member 'Permission'.
client/src/components/admin/dashboard/RecentOrders.tsx(207,52): error TS2345: Argument of type 'number' is not assignable to parameter of type 'string'.
client/src/components/admin/dashboard/RevenueChart.tsx(226,22): error TS2604: JSX element type 'DataComponent' does not have any construct or call signatures.
client/src/components/admin/dashboard/RevenueChart.tsx(239,26): error TS2604: JSX element type 'DataComponent' does not have any construct or call signatures.
client/src/components/admin/dashboard/RevenueChart.tsx(253,26): error TS2604: JSX element type 'DataComponent' does not have any construct or call signatures.
client/src/components/admin/inventory/BulkInventoryMatrix.tsx(46,42): error TS2339: Property 'getVariants' does not exist on type '{ getProducts(filters?: ProductFilters | undefined): Promise<ApiResponse<AdminProduct[]>>; getProduct(id: string): Promise<...>; ... 5 more ...; createCategory(data: { ...; }): Promise<...>; }'.
client/src/components/admin/inventory/BulkInventoryMatrix.tsx(67,38): error TS2339: Property 'bulkUpdateVariants' does not exist on type '{ getProducts(filters?: ProductFilters | undefined): Promise<ApiResponse<AdminProduct[]>>; getProduct(id: string): Promise<...>; ... 5 more ...; createCategory(data: { ...; }): Promise<...>; }'.
client/src/components/admin/inventory/InventoryIntelligence.tsx(19,43): error TS2551: Property 'getInventoryHealth' does not exist on type '{ getInventory(filters?: { status?: "in-stock" | "low-stock" | "out-of-stock" | undefined; search?: string | undefined; } | undefined): Promise<ApiResponse<InventoryItem[]>>; adjustStock(data: StockAdjustmentFormData): Promise<...>; getAdjustmentHistory(productId: string): Promise<...>; }'. Did you mean 'getInventory'?
client/src/components/admin/inventory/InventoryIntelligence.tsx(81,41): error TS2322: Type '"default" | "destructive" | "warning"' is not assignable to type '"default" | "destructive" | "secondary" | "outline" | null | undefined'.
  Type '"warning"' is not assignable to type '"default" | "destructive" | "secondary" | "outline" | null | undefined'.
client/src/components/admin/layout/AdminHeader.tsx(203,82): error TS2339: Property 'email' does not exist on type '{ id: string; username: string; role: string; }'.
client/src/components/admin/layout/AdminLayout.tsx(59,21): error TS2322: Type '{ onMenuClick: () => void; sidebarOpen: boolean; }' is not assignable to type 'IntrinsicAttributes & AdminHeaderProps'.
  Property 'sidebarOpen' does not exist on type 'IntrinsicAttributes & AdminHeaderProps'.
client/src/components/admin/NotificationHistory.tsx(63,30): error TS2339: Property 'patch' does not exist on type '{ get: <T>(path: string, options?: RequestInit | undefined, timeout?: number | undefined) => Promise<T>; post: <T>(path: string, body?: any, options?: RequestInit | undefined, timeout?: number | undefined) => Promise<...>; put: <T>(path: string, body?: any, options?: RequestInit | undefined, timeout?: number | undef...'.
client/src/components/admin/NotificationRecipients.tsx(129,30): error TS2339: Property 'patch' does not exist on type '{ get: <T>(path: string, options?: RequestInit | undefined, timeout?: number | undefined) => Promise<T>; post: <T>(path: string, body?: any, options?: RequestInit | undefined, timeout?: number | undefined) => Promise<...>; put: <T>(path: string, body?: any, options?: RequestInit | undefined, timeout?: number | undef...'.
client/src/components/admin/notifications/NotificationList.tsx(31,15): error TS2305: Module '"@/types/admin"' has no exported member 'AdminNotification'.
client/src/components/admin/notifications/NotificationPreferences.tsx(34,9): error TS2300: Duplicate identifier 'email'.
client/src/components/admin/notifications/NotificationPreferences.tsx(35,9): error TS2300: Duplicate identifier 'push'.
client/src/components/admin/notifications/NotificationPreferences.tsx(36,9): error TS2300: Duplicate identifier 'email'.
client/src/components/admin/notifications/NotificationPreferences.tsx(37,9): error TS2300: Duplicate identifier 'push'.
client/src/components/admin/orders/OrderActions.tsx(96,38): error TS2322: Type '"returned"' is not assignable to type 'OrderStatus'.
client/src/components/admin/orders/OrderActions.tsx(98,25): error TS2322: Type '"returned"' is not assignable to type 'OrderStatus'.
client/src/components/admin/orders/OrderActions.tsx(101,18): error TS2678: Type '"returned"' is not comparable to type 'OrderStatus'.
client/src/components/admin/orders/OrderDetails.tsx(101,47): error TS2339: Property 'imageUrl' does not exist on type 'OrderItem'.
client/src/components/admin/orders/OrderDetails.tsx(103,59): error TS2339: Property 'imageUrl' does not exist on type 'OrderItem'.
client/src/components/admin/orders/OrderDetails.tsx(104,59): error TS2339: Property 'name' does not exist on type 'OrderItem'.
client/src/components/admin/orders/OrderDetails.tsx(114,94): error TS2339: Property 'name' does not exist on type 'OrderItem'.
client/src/components/admin/orders/OrderDetails.tsx(118,90): error TS2339: Property 'sku' does not exist on type 'OrderItem'.
client/src/components/admin/orders/OrderDetails.tsx(128,61): error TS2362: The left-hand side of an arithmetic operation must be of type 'any', 'number', 'bigint' or an enum type.
client/src/components/admin/orders/OrderDetails.tsx(159,54): error TS2339: Property 'timeline' does not exist on type 'AdminOrder'.
client/src/components/admin/orders/OrderDetails.tsx(174,82): error TS2339: Property 'customer' does not exist on type 'AdminOrder'.
client/src/components/admin/orders/OrderDetails.tsx(181,62): error TS2339: Property 'customer' does not exist on type 'AdminOrder'.
client/src/components/admin/orders/OrderDetails.tsx(182,48): error TS2339: Property 'customer' does not exist on type 'AdminOrder'.
client/src/components/admin/orders/OrderDetails.tsx(187,50): error TS2339: Property 'customer' does not exist on type 'AdminOrder'.
client/src/components/admin/orders/OrderDetails.tsx(199,94): error TS2339: Property 'name' does not exist on type 'Address'.
client/src/components/admin/orders/OrderDetails.tsx(200,59): error TS2339: Property 'line1' does not exist on type 'Address'.
client/src/components/admin/orders/OrderDetails.tsx(201,56): error TS2339: Property 'line2' does not exist on type 'Address'.
client/src/components/admin/orders/OrderDetails.tsx(201,91): error TS2339: Property 'line2' does not exist on type 'Address'.
client/src/components/admin/orders/OrderTimeline.tsx(26,15): error TS2724: '"@/types/admin"' has no exported member named 'OrderTimelineEvent'. Did you mean 'OrderTimeline'?
client/src/components/admin/products/ProductForm.tsx(168,73): error TS2551: Property 'colorImages' does not exist on type 'AdminProduct'. Did you mean 'color_images'?
client/src/components/admin/products/ProductForm.tsx(190,34): error TS2339: Property 'fabric' does not exist on type 'AdminProduct'.
client/src/components/admin/products/ProductForm.tsx(215,39): error TS2551: Property 'colorImages' does not exist on type 'AdminProduct'. Did you mean 'color_images'?
client/src/components/admin/products/ProductForm.tsx(653,29): error TS2322: Type '{ value: any[]; onChange: (images: (string | File)[]) => void; mainImage: any; onSetMainImage: (img: string | File) => void; maxImages: number; }' is not assignable to type 'IntrinsicAttributes & ImageUploaderProps'.
  Property 'maxImages' does not exist on type 'IntrinsicAttributes & ImageUploaderProps'.
client/src/components/admin/products/ProductForm.tsx(690,41): error TS2322: Type '{ value: any[]; onChange: (images: (string | File)[]) => void; mainImage: any; onSetMainImage: (img: string | File) => void; maxImages: number; }' is not assignable to type 'IntrinsicAttributes & ImageUploaderProps'.
  Property 'maxImages' does not exist on type 'IntrinsicAttributes & ImageUploaderProps'.
client/src/components/admin/ProtectedAdminRoute.tsx(24,15): error TS2305: Module '"@/types/admin"' has no exported member 'Permission'.
client/src/components/CouponInput.tsx(59,17): error TS18046: 'response' is of type 'unknown'.
client/src/components/CouponInput.tsx(61,25): error TS18046: 'response' is of type 'unknown'.
client/src/components/CouponInput.tsx(62,27): error TS18046: 'response' is of type 'unknown'.
client/src/components/CouponInput.tsx(63,34): error TS18046: 'response' is of type 'unknown'.
client/src/components/CouponInput.tsx(64,37): error TS18046: 'response' is of type 'unknown'.
client/src/components/CouponInput.tsx(65,35): error TS18046: 'response' is of type 'unknown'.
client/src/components/CouponInput.tsx(66,36): error TS18046: 'response' is of type 'unknown'.
client/src/components/CouponInput.tsx(71,48): error TS18046: 'response' is of type 'unknown'.
client/src/components/examples/AuthModal.tsx(14,9): error TS2322: Type '(email: string, password: string) => void' is not assignable to type '(identifier: string, password: string) => Promise<void>'.
  Type 'void' is not assignable to type 'Promise<void>'.
client/src/components/examples/AuthModal.tsx(15,9): error TS2322: Type '(email: string, password: string, name: string) => void' is not assignable to type '(identifier: string, password: string, name: string) => Promise<void>'.
  Type 'void' is not assignable to type 'Promise<void>'.
client/src/components/examples/ProductDetail.tsx(24,9): error TS2353: Object literal may only specify known properties, and 'is_on_sale' does not exist in type '{ status: string | null; size: string | null; name: string; pattern: string | null; id: string; brand: string | null; created_at: Date | null; updated_at: Date | null; slug: string | null; ... 25 more ...; color_images: Record<...> | null; }'.
client/src/components/examples/ProductGrid.tsx(214,23): error TS2322: Type '({ id: string; slug: string; name: string; sku: string; description: string; category_id: null; brand: string; size: null; colour: string; fabric_quality: string; premium_segment: boolean; wash_care: string; ... 10 more ...; updated_at: Date; } | { ...; })[]' is not assignable to type '{ status: string | null; size: string | null; name: string; pattern: string | null; id: string; brand: string | null; created_at: Date | null; updated_at: Date | null; slug: string | null; ... 25 more ...; color_images: Record<...> | null; }[]'.
  Type '{ id: string; slug: string; name: string; sku: string; description: string; category_id: null; brand: string; size: null; colour: string; fabric_quality: string; premium_segment: boolean; wash_care: string; ... 10 more ...; updated_at: Date; } | { ...; }' is not assignable to type '{ status: string | null; size: string | null; name: string; pattern: string | null; id: string; brand: string | null; created_at: Date | null; updated_at: Date | null; slug: string | null; ... 25 more ...; color_images: Record<...> | null; }'.
    Type '{ id: string; slug: string; name: string; sku: string; description: string; category_id: null; brand: string; size: null; colour: string; fabric_quality: string; premium_segment: boolean; wash_care: string; ... 10 more ...; updated_at: Date; }' is missing the following properties from type '{ status: string | null; size: string | null; name: string; pattern: string | null; id: string; brand: string | null; created_at: Date | null; updated_at: Date | null; slug: string | null; ... 25 more ...; color_images: Record<...> | null; }': pattern, fabric, is_signature, signature_details, and 10 more.
client/src/components/home/HeroSection.tsx(36,23): error TS2339: Property 'title' does not exist on type 'Banner'.
client/src/components/home/HeroSection.tsx(37,34): error TS2339: Property 'subtitle' does not exist on type 'BannerContent'.
client/src/components/LuxurySignatureCollection.tsx(70,11): error TS7034: Variable 'media' implicitly has type 'any[]' in some locations where its type cannot be determined.
client/src/components/LuxurySignatureCollection.tsx(91,30): error TS7005: Variable 'media' implicitly has an 'any[]' type.
client/src/components/ProductDetail.tsx(41,56): error TS2339: Property 'images' does not exist on type '{ status: string | null; size: string | null; name: string; pattern: string | null; id: string; brand: string | null; created_at: Date | null; updated_at: Date | null; slug: string | null; ... 25 more ...; color_images: Record<...> | null; }'.
client/src/components/ProductDetail.tsx(279,28): error TS2339: Property 'shipping_info' does not exist on type '{ status: string | null; size: string | null; name: string; pattern: string | null; id: string; brand: string | null; created_at: Date | null; updated_at: Date | null; slug: string | null; ... 25 more ...; color_images: Record<...> | null; }'.
client/src/components/ProductDetail.tsx(281,28): error TS2339: Property 'returns_policy' does not exist on type '{ status: string | null; size: string | null; name: string; pattern: string | null; id: string; brand: string | null; created_at: Date | null; updated_at: Date | null; slug: string | null; ... 25 more ...; color_images: Record<...> | null; }'.
client/src/components/ProductGrid.tsx(87,36): error TS2339: Property 'images' does not exist on type '{ status: string | null; size: string | null; name: string; pattern: string | null; id: string; brand: string | null; created_at: Date | null; updated_at: Date | null; slug: string | null; ... 25 more ...; color_images: Record<...> | null; }'.
client/src/components/ProductGrid.tsx(87,68): error TS2339: Property 'images' does not exist on type '{ status: string | null; size: string | null; name: string; pattern: string | null; id: string; brand: string | null; created_at: Date | null; updated_at: Date | null; slug: string | null; ... 25 more ...; color_images: Record<...> | null; }'.
client/src/components/ProductGrid.tsx(87,87): error TS2339: Property 'images' does not exist on type '{ status: string | null; size: string | null; name: string; pattern: string | null; id: string; brand: string | null; created_at: Date | null; updated_at: Date | null; slug: string | null; ... 25 more ...; color_images: Record<...> | null; }'.
client/src/components/ProductGrid.tsx(87,116): error TS2339: Property 'images' does not exist on type '{ status: string | null; size: string | null; name: string; pattern: string | null; id: string; brand: string | null; created_at: Date | null; updated_at: Date | null; slug: string | null; ... 25 more ...; color_images: Record<...> | null; }'.
client/src/components/profile/OrderHistory.tsx(8,58): error TS2339: Property 'data' does not exist on type '{ status: string; id: string; user_id: string | null; created_at: Date | null; updated_at: Date | null; session_id: string | null; guest_email: string | null; guest_phone: string | null; ... 12 more ...; notes: string | null; }[]'.
client/src/components/profile/OrderHistory.tsx(9,28): error TS2339: Property 'data' does not exist on type '{ status: string; id: string; user_id: string | null; created_at: Date | null; updated_at: Date | null; session_id: string | null; guest_email: string | null; guest_phone: string | null; ... 12 more ...; notes: string | null; }[]'.
client/src/components/ReviewList.tsx(168,64): error TS2339: Property 'full_name' does not exist on type '{ first_name: string; last_name: string; }'.
client/src/components/ReviewList.tsx(168,95): error TS2339: Property 'username' does not exist on type '{ first_name: string; last_name: string; }'.
client/src/components/ReviewList.tsx(173,71): error TS2339: Property 'full_name' does not exist on type '{ first_name: string; last_name: string; }'.
client/src/components/ReviewList.tsx(173,97): error TS2339: Property 'username' does not exist on type '{ first_name: string; last_name: string; }'.
client/src/components/WishlistDrawer.tsx(77,17): error TS2353: Object literal may only specify known properties, and 'unit_price' does not exist in type 'AddToCartInput'.
client/src/hooks/admin/useAdminAuth.ts(14,15): error TS2305: Module '"@/types/admin"' has no exported member 'Permission'.
client/src/hooks/useCartValidation.ts(118,23): error TS2551: Property 'productId' does not exist on type 'CartValidationError'. Did you mean 'product_id'?
client/src/hooks/useCartValidation.ts(118,43): error TS2551: Property 'productId' does not exist on type 'CartValidationError'. Did you mean 'product_id'?
client/src/hooks/useCartValidation.ts(128,25): error TS2551: Property 'productId' does not exist on type 'CartValidationWarning'. Did you mean 'product_id'?
client/src/hooks/useCartValidation.ts(128,47): error TS2551: Property 'productId' does not exist on type 'CartValidationWarning'. Did you mean 'product_id'?
client/src/hooks/useCartValidation.ts(135,46): error TS2551: Property 'productId' does not exist on type 'CartValidationError'. Did you mean 'product_id'?
client/src/hooks/useCartValidation.ts(149,50): error TS2551: Property 'productId' does not exist on type 'CartValidationWarning'. Did you mean 'product_id'?
client/src/lib/admin/constants.ts(8,15): error TS2305: Module '"@/types/admin"' has no exported member 'Permission'.
client/src/lib/admin/utils.ts(88,9): error TS2322: Type '{ month: string; day: string; year: string; } | { month: string; day: string; year: string; hour: string; minute: string; } | { month: string; day: string; year: string; hour: string; minute: string; second: string; }' is not assignable to type 'DateTimeFormatOptions'.
  Type '{ month: string; day: string; year: string; }' is not assignable to type 'DateTimeFormatOptions'.
    Types of property 'year' are incompatible.
      Type 'string' is not assignable to type '"numeric" | "2-digit" | undefined'.
client/src/lib/admin/utils.ts(321,16): error TS2802: Type 'Set<T>' can only be iterated through when using the '--downlevelIteration' flag or with a '--target' of 'es2015' or higher.
client/src/lib/cache/api-cache.ts(207,23): error TS2802: Type 'MapIterator<string>' can only be iterated through when using the '--downlevelIteration' flag or with a '--target' of 'es2015' or higher.
client/src/lib/cache/api-cache.ts(247,32): error TS2802: Type 'MapIterator<[string, CacheEntry<unknown>]>' can only be iterated through when using the '--downlevelIteration' flag or with a '--target' of 'es2015' or higher.
client/src/lib/cache/api-cache.ts(263,32): error TS2802: Type 'MapIterator<[string, CacheEntry<unknown>]>' can only be iterated through when using the '--downlevelIteration' flag or with a '--target' of 'es2015' or higher.
client/src/lib/cache/api-cache.ts(294,32): error TS2802: Type 'MapIterator<[string, CacheEntry<unknown>]>' can only be iterated through when using the '--downlevelIteration' flag or with a '--target' of 'es2015' or higher.
client/src/lib/security/secure-storage.ts(13,22): error TS2307: Cannot find module 'crypto-js' or its corresponding type declarations.
client/src/lib/utils/decimal.ts(478,30): error TS2304: Cannot find name 'z'.
client/src/lib/utils/decimal.ts(485,38): error TS2304: Cannot find name 'z'.
client/src/lib/utils/decimal.ts(486,4): error TS7006: Parameter 'val' implicitly has an 'any' type.
client/src/lib/utils/decimal.ts(493,31): error TS2304: Cannot find name 'z'.
client/src/lib/utils/decimal.ts(494,4): error TS7006: Parameter 'val' implicitly has an 'any' type.
client/src/pages/About.tsx(142,19): error TS2554: Expected 3 arguments, but got 2.
client/src/pages/Accessories.tsx(158,19): error TS2554: Expected 3 arguments, but got 2.
client/src/pages/admin/AbandonedCarts.tsx(21,43): error TS2339: Property 'getAbandonedCarts' does not exist on type '{ getCustomers(filters?: CustomerFilters | undefined): Promise<ApiResponse<AdminCustomer[]>>; getCustomer(id: string): Promise<...>; updateCustomerStatus(id: string, status: "active" | ... 1 more ... | "blocked"): Promise<...>; getVIPs(): Promise<...>; }'.
client/src/pages/admin/AdminProfile.tsx(112,17): error TS2322: Type '{ title: string; description: string; noIndex: true; }' is not assignable to type 'IntrinsicAttributes & SEOProps'.
  Property 'noIndex' does not exist on type 'IntrinsicAttributes & SEOProps'.
client/src/pages/admin/Analytics.tsx(107,17): error TS2322: Type '{ title: string; description: string; noIndex: true; }' is not assignable to type 'IntrinsicAttributes & SEOProps'.
  Property 'noIndex' does not exist on type 'IntrinsicAttributes & SEOProps'.
client/src/pages/admin/CustomerDetails.tsx(69,36): error TS2339: Property 'name' does not exist on type 'AdminCustomer'.
client/src/pages/admin/CustomerDetails.tsx(71,17): error TS2322: Type '{ title: string; description: string; noIndex: true; }' is not assignable to type 'IntrinsicAttributes & SEOProps'.
  Property 'noIndex' does not exist on type 'IntrinsicAttributes & SEOProps'.
client/src/pages/admin/Customers.tsx(80,9): error TS2322: Type '{ title: string; description: string; noIndex: true; }' is not assignable to type 'IntrinsicAttributes & SEOProps'.
  Property 'noIndex' does not exist on type 'IntrinsicAttributes & SEOProps'.
client/src/pages/admin/Dashboard.tsx(49,9): error TS2353: Object literal may only specify known properties, and 'refetchIntervalInBackground' does not exist in type 'UseAdminStatsOptions'.
client/src/pages/admin/Dashboard.tsx(109,17): error TS2322: Type '{ title: string; description: string; noIndex: true; }' is not assignable to type 'IntrinsicAttributes & SEOProps'.
  Property 'noIndex' does not exist on type 'IntrinsicAttributes & SEOProps'.
client/src/pages/admin/Dashboard.tsx(263,29): error TS2322: Type 'AdminOrder[]' is not assignable to type 'RecentOrder[]'.
  Property 'customer' is missing in type 'AdminOrder' but required in type 'RecentOrder'.
client/src/pages/admin/Inventory.tsx(65,13): error TS2322: Type 'string | undefined' is not assignable to type '"in-stock" | "low-stock" | "out-of-stock" | undefined'.
  Type 'string' is not assignable to type '"in-stock" | "low-stock" | "out-of-stock" | undefined'.
client/src/pages/admin/Notifications.tsx(52,44): error TS2551: Property 'markAllAsRead' does not exist on type '{ getRecipients(): Promise<NotificationRecipient[]>; createRecipient(data: Partial<NotificationRecipient>): Promise<...>; ... 8 more ...; sendTest(phoneNumber: string): Promise<...>; }'. Did you mean 'markAsRead'?
client/src/pages/admin/Notifications.tsx(64,44): error TS2339: Property 'deleteNotification' does not exist on type '{ getRecipients(): Promise<NotificationRecipient[]>; createRecipient(data: Partial<NotificationRecipient>): Promise<...>; ... 8 more ...; sendTest(phoneNumber: string): Promise<...>; }'.
client/src/pages/admin/Notifications.tsx(87,35): error TS2339: Property 'channels' does not exist on type 'NotificationPreferences'.
client/src/pages/admin/Notifications.tsx(94,35): error TS2339: Property 'channels' does not exist on type 'NotificationPreferences'.
client/src/pages/admin/Notifications.tsx(101,35): error TS2339: Property 'channels' does not exist on type 'NotificationPreferences'.
client/src/pages/admin/Notifications.tsx(108,35): error TS2339: Property 'channels' does not exist on type 'NotificationPreferences'.
client/src/pages/admin/Notifications.tsx(119,63): error TS2353: Object literal may only specify known properties, and 'channels' does not exist in type 'Partial<NotificationPreferences>'.
client/src/pages/admin/Notifications.tsx(142,17): error TS2322: Type '{ title: string; description: string; noIndex: true; }' is not assignable to type 'IntrinsicAttributes & SEOProps'.
  Property 'noIndex' does not exist on type 'IntrinsicAttributes & SEOProps'.
client/src/pages/admin/Notifications.tsx(191,69): error TS2345: Argument of type 'string' is not assignable to parameter of type 'void'.
client/src/pages/admin/Notifications.tsx(198,29): error TS2322: Type 'UseMutateAsyncFunction<NotificationPreferences, any, NotificationSetting[], unknown>' is not assignable to type '(settings: NotificationSetting[]) => Promise<void>'.
  Type 'Promise<NotificationPreferences>' is not assignable to type 'Promise<void>'.
    Type 'NotificationPreferences' is not assignable to type 'void'.
client/src/pages/admin/OrderDetails.tsx(114,17): error TS2322: Type '{ title: string; description: string; noIndex: true; }' is not assignable to type 'IntrinsicAttributes & SEOProps'.
  Property 'noIndex' does not exist on type 'IntrinsicAttributes & SEOProps'.
client/src/pages/admin/Orders.tsx(65,58): error TS2345: Argument of type '"orders"' is not assignable to parameter of type '"products" | "inventory" | "sales" | "customers"'.
client/src/pages/admin/Orders.tsx(97,9): error TS2322: Type '{ title: string; description: string; noIndex: true; }' is not assignable to type 'IntrinsicAttributes & SEOProps'.
  Property 'noIndex' does not exist on type 'IntrinsicAttributes & SEOProps'.
client/src/pages/admin/Orders.tsx(198,32): error TS2339: Property 'startDate' does not exist on type 'OrderFilters'.
client/src/pages/admin/Orders.tsx(202,40): error TS2345: Argument of type '"startDate"' is not assignable to parameter of type 'keyof OrderFilters'.
client/src/pages/admin/Orders.tsx(203,40): error TS2345: Argument of type '"endDate"' is not assignable to parameter of type 'keyof OrderFilters'.
client/src/pages/admin/Orders.tsx(226,11): error TS2322: Type '{ data: AdminOrder[]; loading: boolean; onView: (order: AdminOrder) => void; onSelectionChange: Dispatch<SetStateAction<string[]>>; }' is not assignable to type 'IntrinsicAttributes & OrderTableProps'.
  Property 'onSelectionChange' does not exist on type 'IntrinsicAttributes & OrderTableProps'.
client/src/pages/admin/ProductForm.tsx(295,9): error TS2322: Type '{ title: string; description: string; noIndex: true; }' is not assignable to type 'IntrinsicAttributes & SEOProps'.
  Property 'noIndex' does not exist on type 'IntrinsicAttributes & SEOProps'.
client/src/pages/admin/Products.tsx(126,17): error TS2322: Type '{ title: string; description: string; noIndex: true; }' is not assignable to type 'IntrinsicAttributes & SEOProps'.
  Property 'noIndex' does not exist on type 'IntrinsicAttributes & SEOProps'.
client/src/pages/admin/Settings.tsx(150,9): error TS2322: Type '{ title: string; description: string; noIndex: true; }' is not assignable to type 'IntrinsicAttributes & SEOProps'.
  Property 'noIndex' does not exist on type 'IntrinsicAttributes & SEOProps'.
client/src/pages/AuthCallback.tsx(128,61): error TS18046: 'data' is of type 'unknown'.
client/src/pages/Checkout.tsx(181,72): error TS2339: Property 'email' does not exist on type '{ id: string; username: string; role: string; }'.
client/src/pages/CheckoutSuccess.tsx(30,64): error TS2769: No overload matches this call.
  Overload 1 of 4, '(value: string | number | Date): Date', gave the following error.
    Argument of type 'Date | null' is not assignable to parameter of type 'string | number | Date'.
      Type 'null' is not assignable to type 'string | number | Date'.
  Overload 2 of 4, '(value: string | number): Date', gave the following error.
    Argument of type 'Date | null' is not assignable to parameter of type 'string | number'.
      Type 'null' is not assignable to type 'string | number'.
client/src/pages/CheckoutSuccess.tsx(30,99): error TS2769: No overload matches this call.
  Overload 1 of 4, '(value: string | number | Date): Date', gave the following error.
    Argument of type 'Date | null' is not assignable to parameter of type 'string | number | Date'.
      Type 'null' is not assignable to type 'string | number | Date'.
  Overload 2 of 4, '(value: string | number): Date', gave the following error.
    Argument of type 'Date | null' is not assignable to parameter of type 'string | number'.
      Type 'null' is not assignable to type 'string | number'.
client/src/pages/CheckoutSuccess.tsx(160,31): error TS2554: Expected 3 arguments, but got 2.
client/src/pages/Clothing.tsx(150,19): error TS2554: Expected 3 arguments, but got 2.
client/src/pages/Contact.tsx(151,19): error TS2554: Expected 3 arguments, but got 2.
client/src/pages/DebugAuth.tsx(131,66): error TS2339: Property 'email' does not exist on type '{ id: string; username: string; role: string; }'.
client/src/pages/DesignMockup.tsx(361,57): error TS2322: Type '"link"' is not assignable to type '"default" | "destructive" | "secondary" | "outline" | "ghost" | null | undefined'.
client/src/pages/Fabrics.tsx(150,31): error TS2554: Expected 3 arguments, but got 2.
client/src/pages/HelpSupport.tsx(159,31): error TS2554: Expected 3 arguments, but got 2.
client/src/pages/Home.tsx(104,42): error TS2339: Property 'images' does not exist on type '{ status: string | null; size: string | null; name: string; pattern: string | null; id: string; brand: string | null; created_at: Date | null; updated_at: Date | null; slug: string | null; ... 25 more ...; color_images: Record<...> | null; }'.
client/src/pages/Home.tsx(104,74): error TS2339: Property 'images' does not exist on type '{ status: string | null; size: string | null; name: string; pattern: string | null; id: string; brand: string | null; created_at: Date | null; updated_at: Date | null; slug: string | null; ... 25 more ...; color_images: Record<...> | null; }'.
client/src/pages/Home.tsx(104,93): error TS2339: Property 'images' does not exist on type '{ status: string | null; size: string | null; name: string; pattern: string | null; id: string; brand: string | null; created_at: Date | null; updated_at: Date | null; slug: string | null; ... 25 more ...; color_images: Record<...> | null; }'.
client/src/pages/Home.tsx(104,122): error TS2339: Property 'images' does not exist on type '{ status: string | null; size: string | null; name: string; pattern: string | null; id: string; brand: string | null; created_at: Date | null; updated_at: Date | null; slug: string | null; ... 25 more ...; color_images: Record<...> | null; }'.
client/src/pages/Home_bkp.tsx(100,19): error TS2554: Expected 3 arguments, but got 2.
client/src/pages/NewArrivals.tsx(144,19): error TS2554: Expected 3 arguments, but got 2.
client/src/pages/Orders.tsx(81,25): error TS2322: Type '"link"' is not assignable to type '"default" | "destructive" | "secondary" | "outline" | "ghost" | null | undefined'.
client/src/pages/Orders.tsx(163,19): error TS2554: Expected 3 arguments, but got 2.
client/src/pages/PremiumCollection.tsx(1,10): error TS2614: Module '"@/components/LuxurySignatureCollection"' has no exported member 'LuxurySignatureCollection'. Did you mean to use 'import LuxurySignatureCollection from "@/components/LuxurySignatureCollection"' instead?
client/src/pages/Press.tsx(108,31): error TS2554: Expected 3 arguments, but got 2.
client/src/pages/ProductPage.tsx(46,9): error TS2353: Object literal may only specify known properties, and 'unit_price' does not exist in type 'AddToCartInput'.
client/src/pages/ProductPage.tsx(90,15): error TS2322: Type 'string | null' is not assignable to type 'string | undefined'.
  Type 'null' is not assignable to type 'string | undefined'.
client/src/pages/ProductPage.tsx(91,40): error TS2339: Property 'images' does not exist on type '{ status: string | null; size: string | null; name: string; pattern: string | null; id: string; brand: string | null; created_at: Date | null; updated_at: Date | null; slug: string | null; ... 25 more ...; color_images: Record<...> | null; }'.
client/src/pages/ProductPage.tsx(97,44): error TS2339: Property 'images' does not exist on type '{ status: string | null; size: string | null; name: string; pattern: string | null; id: string; brand: string | null; created_at: Date | null; updated_at: Date | null; slug: string | null; ... 25 more ...; color_images: Record<...> | null; }'.
client/src/pages/ProductPage.tsx(149,19): error TS2554: Expected 3 arguments, but got 2.
client/src/pages/Profile.tsx(130,19): error TS2554: Expected 3 arguments, but got 2.
client/src/pages/Sale.tsx(163,19): error TS2554: Expected 3 arguments, but got 2.
client/src/pages/ShippingReturns.tsx(138,31): error TS2554: Expected 3 arguments, but got 2.
client/src/pages/SignatureCollection.tsx(51,31): error TS2554: Expected 3 arguments, but got 2.
client/src/pages/SignatureProductDetail.tsx(40,32): error TS2561: Object literal may only specify known properties, but 'productId' does not exist in type 'AddToCartInput'. Did you mean to write 'product_id'?
client/src/pages/SignatureProductDetail.tsx(185,31): error TS2554: Expected 3 arguments, but got 2.
client/src/pages/SizeGuide.tsx(160,31): error TS2554: Expected 3 arguments, but got 2.
client/src/pages/Sustainability.tsx(99,31): error TS2554: Expected 3 arguments, but got 2.
client/src/pages/Wishlist.tsx(108,17): error TS2353: Object literal may only specify known properties, and 'unit_price' does not exist in type 'AddToCartInput'.
client/src/pages/Wishlist.tsx(172,21): error TS2322: Type '() => void' is not assignable to type '(identifier: string, password: string) => Promise<void>'.
  Type 'void' is not assignable to type 'Promise<void>'.
client/src/pages/Wishlist.tsx(173,21): error TS2322: Type '() => void' is not assignable to type '(identifier: string, password: string, name: string) => Promise<void>'.
  Type 'void' is not assignable to type 'Promise<void>'.
client/src/pages/Wishlist.tsx(363,17): error TS2322: Type '() => void' is not assignable to type '(identifier: string, password: string) => Promise<void>'.
  Type 'void' is not assignable to type 'Promise<void>'.
client/src/pages/Wishlist.tsx(364,17): error TS2322: Type '() => void' is not assignable to type '(identifier: string, password: string, name: string) => Promise<void>'.
  Type 'void' is not assignable to type 'Promise<void>'.
client/src/types/admin.ts(501,16): error TS2552: Cannot find name 'Permission'. Did you mean 'Permissions'?
server/admin-export.ts(134,24): error TS2339: Property 'order_id' does not exist on type 'PgTableWithColumns<{ name: "orders"; schema: undefined; columns: { id: PgColumn<{ name: "id"; tableName: "orders"; dataType: "string"; columnType: "PgUUID"; data: string; driverParam: string; notNull: true; hasDefault: true; ... 6 more ...; generated: undefined; }, {}, {}>; ... 19 more ...; updated_at: PgColumn<...>...'.
server/admin-export.ts(211,13): error TS2339: Property 'category' does not exist on type '{ id: string; slug: string | null; name: string; sku: string; description: string | null; category_id: string | null; brand: string | null; size: string | null; colour: string | null; ... 25 more ...; updated_at: Date | null; }'.
server/admin-export.ts(212,13): error TS2339: Property 'fabric_type' does not exist on type '{ id: string; slug: string | null; name: string; sku: string; description: string | null; category_id: string | null; brand: string | null; size: string | null; colour: string | null; ... 25 more ...; updated_at: Date | null; }'.
server/admin-export.ts(214,13): error TS2339: Property 'stock' does not exist on type '{ id: string; slug: string | null; name: string; sku: string; description: string | null; category_id: string | null; brand: string | null; size: string | null; colour: string | null; ... 25 more ...; updated_at: Date | null; }'.
server/admin-notifications.ts(310,43): error TS2339: Property 'delivery_status' does not exist on type '{ id: string; type: string; priority: string; title: string; message: string; channel: string; recipient_id: string | null; user_id: string | null; status: string | null; sent_at: Date | null; ... 4 more ...; updated_at: Date | null; }'.
server/admin-notifications.ts(311,48): error TS2339: Property 'delivery_status' does not exist on type '{ id: string; type: string; priority: string; title: string; message: string; channel: string; recipient_id: string | null; user_id: string | null; status: string | null; sent_at: Date | null; ... 4 more ...; updated_at: Date | null; }'.
server/admin-notifications.ts(312,45): error TS2339: Property 'delivery_status' does not exist on type '{ id: string; type: string; priority: string; title: string; message: string; channel: string; recipient_id: string | null; user_id: string | null; status: string | null; sent_at: Date | null; ... 4 more ...; updated_at: Date | null; }'.
server/admin-notifications.ts(313,46): error TS2339: Property 'delivery_status' does not exist on type '{ id: string; type: string; priority: string; title: string; message: string; channel: string; recipient_id: string | null; user_id: string | null; status: string | null; sent_at: Date | null; ... 4 more ...; updated_at: Date | null; }'.
server/admin-products.ts(111,17): error TS2345: Argument of type '{ category_name: PgColumn<{ name: "name"; tableName: "categories"; dataType: "string"; columnType: "PgText"; data: string; driverParam: string; notNull: true; hasDefault: false; isPrimaryKey: false; isAutoincrement: false; ... 4 more ...; generated: undefined; }, {}, {}>; ... 40 more ...; enableRLS: () => Omit<...>; }' is not assignable to parameter of type 'SelectedFields'.
  Property '_' is incompatible with index signature.
    Type '{ readonly brand: "Table"; readonly config: { name: "products"; schema: undefined; columns: { id: PgColumn<{ name: "id"; tableName: "products"; dataType: "string"; columnType: "PgUUID"; data: string; driverParam: string; ... 8 more ...; generated: undefined; }, {}, {}>; ... 33 more ...; updated_at: PgColumn<...>; };...' is not assignable to type 'SQL<unknown> | Aliased<unknown> | PgColumn<ColumnBaseConfig<ColumnDataType, string>, {}, {}> | PgTable<TableConfig> | SelectedFieldsFlat<...>'.
      Type '{ readonly brand: "Table"; readonly config: { name: "products"; schema: undefined; columns: { id: PgColumn<{ name: "id"; tableName: "products"; dataType: "string"; columnType: "PgUUID"; data: string; driverParam: string; ... 8 more ...; generated: undefined; }, {}, {}>; ... 33 more ...; updated_at: PgColumn<...>; };...' is not assignable to type 'SelectedFieldsFlat<PgColumn<ColumnBaseConfig<ColumnDataType, string>, {}, {}>>'.
        Property 'brand' is incompatible with index signature.
          Type 'string' is not assignable to type 'SQL<unknown> | Aliased<unknown> | PgColumn<ColumnBaseConfig<ColumnDataType, string>, {}, {}>'.
server/admin-products.ts(138,16): error TS2769: No overload matches this call.
  Overload 1 of 3, '(column: Aliased<unknown>, values: unknown[] | SQLWrapper): SQL<unknown>', gave the following error.
    Argument of type 'PgColumn<{ name: "product_id"; tableName: "product_variants"; dataType: "string"; columnType: "PgUUID"; data: string; driverParam: string; notNull: true; hasDefault: false; isPrimaryKey: false; isAutoincrement: false; ... 4 more ...; generated: undefined; }, {}, {}>' is not assignable to parameter of type 'Aliased<unknown>'.
      Type 'PgColumn<{ name: "product_id"; tableName: "product_variants"; dataType: "string"; columnType: "PgUUID"; data: string; driverParam: string; notNull: true; hasDefault: false; isPrimaryKey: false; isAutoincrement: false; ... 4 more ...; generated: undefined; }, {}, {}>' is missing the following properties from type 'Aliased<unknown>': sql, fieldAlias
  Overload 2 of 3, '(column: PgColumn<{ name: "product_id"; tableName: "product_variants"; dataType: "string"; columnType: "PgUUID"; data: string; driverParam: string; notNull: true; hasDefault: false; isPrimaryKey: false; ... 5 more ...; generated: undefined; }, {}, {}>, values: SQLWrapper | (string | Placeholder<...>)[]): SQL<...>', gave the following error.
    Argument of type 'unknown[]' is not assignable to parameter of type 'SQLWrapper | (string | Placeholder<string, any>)[]'.
      Type 'unknown[]' is not assignable to type '(string | Placeholder<string, any>)[]'.
        Type 'unknown' is not assignable to type 'string | Placeholder<string, any>'.
  Overload 3 of 3, '(column: never, values: unknown[] | SQLWrapper): SQL<unknown>', gave the following error.
    Argument of type 'PgColumn<{ name: "product_id"; tableName: "product_variants"; dataType: "string"; columnType: "PgUUID"; data: string; driverParam: string; notNull: true; hasDefault: false; isPrimaryKey: false; isAutoincrement: false; ... 4 more ...; generated: undefined; }, {}, {}>' is not assignable to parameter of type 'never'.
server/admin-products.ts(165,51): error TS2345: Argument of type 'unknown' is not assignable to parameter of type 'string'.
server/admin-products.ts(173,63): error TS2365: Operator '<=' cannot be applied to types 'number' and '{}'.
server/admin-products.ts(183,42): error TS2339: Property 'name' does not exist on type '{ imageUrl: any; mainImage: any; stockQuantity: number; stockStatus: string; category: { name: {}; } | null; }'.
server/admin-products.ts(219,15): error TS2345: Argument of type '{ category_name: PgColumn<{ name: "name"; tableName: "categories"; dataType: "string"; columnType: "PgText"; data: string; driverParam: string; notNull: true; hasDefault: false; isPrimaryKey: false; isAutoincrement: false; ... 4 more ...; generated: undefined; }, {}, {}>; ... 40 more ...; enableRLS: () => Omit<...>; }' is not assignable to parameter of type 'SelectedFields'.
  Property '_' is incompatible with index signature.
    Type '{ readonly brand: "Table"; readonly config: { name: "products"; schema: undefined; columns: { id: PgColumn<{ name: "id"; tableName: "products"; dataType: "string"; columnType: "PgUUID"; data: string; driverParam: string; ... 8 more ...; generated: undefined; }, {}, {}>; ... 33 more ...; updated_at: PgColumn<...>; };...' is not assignable to type 'SQL<unknown> | Aliased<unknown> | PgColumn<ColumnBaseConfig<ColumnDataType, string>, {}, {}> | PgTable<TableConfig> | SelectedFieldsFlat<...>'.
      Type '{ readonly brand: "Table"; readonly config: { name: "products"; schema: undefined; columns: { id: PgColumn<{ name: "id"; tableName: "products"; dataType: "string"; columnType: "PgUUID"; data: string; driverParam: string; ... 8 more ...; generated: undefined; }, {}, {}>; ... 33 more ...; updated_at: PgColumn<...>; };...' is not assignable to type 'SelectedFieldsFlat<PgColumn<ColumnBaseConfig<ColumnDataType, string>, {}, {}>>'.
        Property 'brand' is incompatible with index signature.
          Type 'string' is not assignable to type 'SQL<unknown> | Aliased<unknown> | PgColumn<ColumnBaseConfig<ColumnDataType, string>, {}, {}>'.
server/cartValidation.ts(37,64): error TS2304: Cannot find name 'supabase'.
server/cartValidation.ts(77,48): error TS2304: Cannot find name 'supabase'.
server/cartValidation.ts(318,35): error TS18047: 'product.low_stock_threshold' is possibly 'null'.
server/cartValidation.ts(380,48): error TS2304: Cannot find name 'supabase'.
server/cartValidation.ts(431,48): error TS2304: Cannot find name 'supabase'.
server/cartValidation.ts(481,38): error TS2304: Cannot find name 'supabase'.
server/db/repositories/products.ts(31,23): error TS2339: Property 'images' does not exist on type '{ name: string; sku: string; price: string; status?: string | null | undefined; size?: string | null | undefined; pattern?: string | null | undefined; brand?: string | null | undefined; slug?: string | ... 1 more ... | undefined; ... 22 more ...; color_images?: Record<...> | ... 1 more ... | undefined; }'.
server/db/repositories/supabase-addresses.ts(26,13): error TS2339: Property 'where' does not exist on type 'Omit<PgSelectBase<"addresses", { id: PgColumn<{ name: "id"; tableName: "addresses"; dataType: "string"; columnType: "PgUUID"; data: string; driverParam: string; notNull: true; hasDefault: true; isPrimaryKey: true; ... 5 more ...; generated: undefined; }, {}, {}>; ... 14 more ...; updated_at: PgColumn<...>; }, ... 5 ...'.
server/db/repositories/supabase-addresses.ts(44,19): error TS2339: Property 'rowCount' does not exist on type 'RowList<never[]>'.
server/db/repositories/supabase-addresses.ts(71,13): error TS2339: Property 'where' does not exist on type 'Omit<PgSelectBase<"addresses", { id: PgColumn<{ name: "id"; tableName: "addresses"; dataType: "string"; columnType: "PgUUID"; data: string; driverParam: string; notNull: true; hasDefault: true; isPrimaryKey: true; ... 5 more ...; generated: undefined; }, {}, {}>; ... 14 more ...; updated_at: PgColumn<...>; }, ... 5 ...'.
server/db/repositories/supabase-products.ts(85,37): error TS2339: Property 'is_on_sale' does not exist on type 'PgTableWithColumns<{ name: "products"; schema: undefined; columns: { id: PgColumn<{ name: "id"; tableName: "products"; dataType: "string"; columnType: "PgUUID"; data: string; driverParam: string; notNull: true; hasDefault: true; ... 6 more ...; generated: undefined; }, {}, {}>; ... 33 more ...; updated_at: PgColumn<...'.
server/db/repositories/supabase-products.ts(238,22): error TS18047: 'item.created_at' is possibly 'null'.
server/db/repositories/supabase-products.ts(333,55): error TS2769: No overload matches this call.
  Overload 1 of 2, '(value: { name: string | SQL<unknown> | Placeholder<string, any>; sku: string | SQL<unknown> | Placeholder<string, any>; price: string | SQL<unknown> | Placeholder<string, any>; ... 31 more ...; color_images?: SQL<...> | ... 3 more ... | undefined; }): PgInsertBase<...>', gave the following error.
    Argument of type '{ name: string; slug: string; brand: string | null | undefined; price: string; description: string | null; size: string | null; colour: string | null; fabric: string | null; fabric_quality: string | null; ... 11 more ...; updated_at: Date; }' is not assignable to parameter of type '{ name: string | SQL<unknown> | Placeholder<string, any>; sku: string | SQL<unknown> | Placeholder<string, any>; price: string | SQL<unknown> | Placeholder<string, any>; ... 31 more ...; color_images?: SQL<...> | ... 3 more ... | undefined; }'.
      Property 'sku' is missing in type '{ name: string; slug: string; brand: string | null | undefined; price: string; description: string | null; size: string | null; colour: string | null; fabric: string | null; fabric_quality: string | null; ... 11 more ...; updated_at: Date; }' but required in type '{ name: string | SQL<unknown> | Placeholder<string, any>; sku: string | SQL<unknown> | Placeholder<string, any>; price: string | SQL<unknown> | Placeholder<string, any>; ... 31 more ...; color_images?: SQL<...> | ... 3 more ... | undefined; }'.
  Overload 2 of 2, '(values: { name: string | SQL<unknown> | Placeholder<string, any>; sku: string | SQL<unknown> | Placeholder<string, any>; price: string | SQL<unknown> | Placeholder<string, any>; ... 31 more ...; color_images?: SQL<...> | ... 3 more ... | undefined; }[]): PgInsertBase<...>', gave the following error.
    Argument of type '{ name: string; slug: string; brand: string | null | undefined; price: string; description: string | null; size: string | null; colour: string | null; fabric: string | null; fabric_quality: string | null; ... 11 more ...; updated_at: Date; }' is not assignable to parameter of type '{ name: string | SQL<unknown> | Placeholder<string, any>; sku: string | SQL<unknown> | Placeholder<string, any>; price: string | SQL<unknown> | Placeholder<string, any>; ... 31 more ...; color_images?: SQL<...> | ... 3 more ... | undefined; }[]'.
      Type '{ name: string; slug: string; brand: string | null | undefined; price: string; description: string | null; size: string | null; colour: string | null; fabric: string | null; fabric_quality: string | null; ... 11 more ...; updated_at: Date; }' is missing the following properties from type '{ name: string | SQL<unknown> | Placeholder<string, any>; sku: string | SQL<unknown> | Placeholder<string, any>; price: string | SQL<unknown> | Placeholder<string, any>; ... 31 more ...; color_images?: SQL<...> | ... 3 more ... | undefined; }[]': length, pop, push, concat, and 35 more.
server/db/supabase.ts(23,8): error TS2352: Conversion of type 'BetterSQLite3Database<typeof import("C:/Bhargav/FabricSpeaks/Fabric Speaks/shared/schema")> & { $client: Database; }' to type 'DbInstance' may be a mistake because neither type sufficiently overlaps with the other. If this was intentional, convert the expression to 'unknown' first.
  Type 'BetterSQLite3Database<typeof import("C:/Bhargav/FabricSpeaks/Fabric Speaks/shared/schema")> & { $client: Database; }' is missing the following properties from type 'PostgresJsDatabase<typeof import("C:/Bhargav/FabricSpeaks/Fabric Speaks/shared/schema")>': selectDistinctOn, refreshMaterializedView, execute
server/index.ts(30,26): error TS7016: Could not find a declaration file for module 'cookie-parser'. 'C:/Bhargav/FabricSpeaks/Fabric Speaks/node_modules/cookie-parser/index.js' implicitly has an 'any' type.
  Try `npm i --save-dev @types/cookie-parser` if it exists or add a new declaration (.d.ts) file containing `declare module 'cookie-parser';`
server/order-tracking.ts(79,14): error TS2769: No overload matches this call.
  Overload 1 of 3, '(left: PgColumn<{ name: "user_id"; tableName: "profiles"; dataType: "string"; columnType: "PgUUID"; data: string; driverParam: string; notNull: true; hasDefault: false; isPrimaryKey: false; isAutoincrement: false; ... 4 more ...; generated: undefined; }, {}, {}>, right: string | SQLWrapper): SQL<...>', gave the following error.
    Argument of type 'string | null' is not assignable to parameter of type 'string | SQLWrapper'.
      Type 'null' is not assignable to type 'string | SQLWrapper'.
  Overload 2 of 3, '(left: Aliased<string | null>, right: string | SQLWrapper | null): SQL<unknown>', gave the following error.
    Argument of type 'PgColumn<{ name: "user_id"; tableName: "profiles"; dataType: "string"; columnType: "PgUUID"; data: string; driverParam: string; notNull: true; hasDefault: false; isPrimaryKey: false; isAutoincrement: false; ... 4 more ...; generated: undefined; }, {}, {}>' is not assignable to parameter of type 'Aliased<string | null>'.
      Type 'PgColumn<{ name: "user_id"; tableName: "profiles"; dataType: "string"; columnType: "PgUUID"; data: string; driverParam: string; notNull: true; hasDefault: false; isPrimaryKey: false; isAutoincrement: false; ... 4 more ...; generated: undefined; }, {}, {}>' is missing the following properties from type 'Aliased<string | null>': sql, fieldAlias
  Overload 3 of 3, '(left: never, right: unknown): SQL<unknown>', gave the following error.
    Argument of type 'PgColumn<{ name: "user_id"; tableName: "profiles"; dataType: "string"; columnType: "PgUUID"; data: string; driverParam: string; notNull: true; hasDefault: false; isPrimaryKey: false; isAutoincrement: false; ... 4 more ...; generated: undefined; }, {}, {}>' is not assignable to parameter of type 'never'.
server/order-tracking.ts(114,11): error TS2769: No overload matches this call.
  Overload 1 of 3, '(left: PgColumn<{ name: "user_id"; tableName: "addresses"; dataType: "string"; columnType: "PgUUID"; data: string; driverParam: string; notNull: true; hasDefault: false; isPrimaryKey: false; isAutoincrement: false; ... 4 more ...; generated: undefined; }, {}, {}>, right: string | SQLWrapper): SQL<...>', gave the following error.
    Argument of type 'string | null' is not assignable to parameter of type 'string | SQLWrapper'.
      Type 'null' is not assignable to type 'string | SQLWrapper'.
  Overload 2 of 3, '(left: Aliased<string | null>, right: string | SQLWrapper | null): SQL<unknown>', gave the following error.
    Argument of type 'PgColumn<{ name: "user_id"; tableName: "addresses"; dataType: "string"; columnType: "PgUUID"; data: string; driverParam: string; notNull: true; hasDefault: false; isPrimaryKey: false; isAutoincrement: false; ... 4 more ...; generated: undefined; }, {}, {}>' is not assignable to parameter of type 'Aliased<string | null>'.
      Type 'PgColumn<{ name: "user_id"; tableName: "addresses"; dataType: "string"; columnType: "PgUUID"; data: string; driverParam: string; notNull: true; hasDefault: false; isPrimaryKey: false; isAutoincrement: false; ... 4 more ...; generated: undefined; }, {}, {}>' is missing the following properties from type 'Aliased<string | null>': sql, fieldAlias
  Overload 3 of 3, '(left: never, right: unknown): SQL<unknown>', gave the following error.
    Argument of type 'PgColumn<{ name: "user_id"; tableName: "addresses"; dataType: "string"; columnType: "PgUUID"; data: string; driverParam: string; notNull: true; hasDefault: false; isPrimaryKey: false; isAutoincrement: false; ... 4 more ...; generated: undefined; }, {}, {}>' is not assignable to parameter of type 'never'.
server/services/recommendations.ts(131,21): error TS2769: No overload matches this call.
  Overload 1 of 3, '(left: PgColumn<{ name: "category_id"; tableName: "products"; dataType: "string"; columnType: "PgUUID"; data: string; driverParam: string; notNull: false; hasDefault: false; isPrimaryKey: false; isAutoincrement: false; ... 4 more ...; generated: undefined; }, {}, {}>, right: string | SQLWrapper): SQL<...>', gave the following error.
    Argument of type 'string | null' is not assignable to parameter of type 'string | SQLWrapper'.
      Type 'null' is not assignable to type 'string | SQLWrapper'.
  Overload 2 of 3, '(left: Aliased<string | null>, right: string | SQLWrapper | null): SQL<unknown>', gave the following error.
    Argument of type 'PgColumn<{ name: "category_id"; tableName: "products"; dataType: "string"; columnType: "PgUUID"; data: string; driverParam: string; notNull: false; hasDefault: false; isPrimaryKey: false; isAutoincrement: false; ... 4 more ...; generated: undefined; }, {}, {}>' is not assignable to parameter of type 'Aliased<string | null>'.
      Type 'PgColumn<{ name: "category_id"; tableName: "products"; dataType: "string"; columnType: "PgUUID"; data: string; driverParam: string; notNull: false; hasDefault: false; isPrimaryKey: false; isAutoincrement: false; ... 4 more ...; generated: undefined; }, {}, {}>' is missing the following properties from type 'Aliased<string | null>': sql, fieldAlias
  Overload 3 of 3, '(left: never, right: unknown): SQL<unknown>', gave the following error.
    Argument of type 'PgColumn<{ name: "category_id"; tableName: "products"; dataType: "string"; columnType: "PgUUID"; data: string; driverParam: string; notNull: false; hasDefault: false; isPrimaryKey: false; isAutoincrement: false; ... 4 more ...; generated: undefined; }, {}, {}>' is not assignable to parameter of type 'never'.
server/services/recommendations.ts(205,25): error TS2769: No overload matches this call.
  Overload 1 of 3, '(left: PgColumn<{ name: "fabric"; tableName: "products"; dataType: "string"; columnType: "PgText"; data: string; driverParam: string; notNull: false; hasDefault: false; isPrimaryKey: false; isAutoincrement: false; ... 4 more ...; generated: undefined; }, {}, {}>, right: string | SQLWrapper): SQL<...>', gave the following error.
    Argument of type 'string | null' is not assignable to parameter of type 'string | SQLWrapper'.
      Type 'null' is not assignable to type 'string | SQLWrapper'.
  Overload 2 of 3, '(left: Aliased<string | null>, right: string | SQLWrapper | null): SQL<unknown>', gave the following error.
    Argument of type 'PgColumn<{ name: "fabric"; tableName: "products"; dataType: "string"; columnType: "PgText"; data: string; driverParam: string; notNull: false; hasDefault: false; isPrimaryKey: false; isAutoincrement: false; ... 4 more ...; generated: undefined; }, {}, {}>' is not assignable to parameter of type 'Aliased<string | null>'.
      Type 'PgColumn<{ name: "fabric"; tableName: "products"; dataType: "string"; columnType: "PgText"; data: string; driverParam: string; notNull: false; hasDefault: false; isPrimaryKey: false; isAutoincrement: false; ... 4 more ...; generated: undefined; }, {}, {}>' is missing the following properties from type 'Aliased<string | null>': sql, fieldAlias
  Overload 3 of 3, '(left: never, right: unknown): SQL<unknown>', gave the following error.
    Argument of type 'PgColumn<{ name: "fabric"; tableName: "products"; dataType: "string"; columnType: "PgText"; data: string; driverParam: string; notNull: false; hasDefault: false; isPrimaryKey: false; isAutoincrement: false; ... 4 more ...; generated: undefined; }, {}, {}>' is not assignable to parameter of type 'never'.
server/services/recommendations.ts(235,25): error TS2769: No overload matches this call.
  Overload 1 of 3, '(left: PgColumn<{ name: "occasion"; tableName: "products"; dataType: "string"; columnType: "PgText"; data: string; driverParam: string; notNull: false; hasDefault: false; isPrimaryKey: false; isAutoincrement: false; ... 4 more ...; generated: undefined; }, {}, {}>, right: string | SQLWrapper): SQL<...>', gave the following error.
    Argument of type 'string | null' is not assignable to parameter of type 'string | SQLWrapper'.
      Type 'null' is not assignable to type 'string | SQLWrapper'.
  Overload 2 of 3, '(left: Aliased<string | null>, right: string | SQLWrapper | null): SQL<unknown>', gave the following error.
    Argument of type 'PgColumn<{ name: "occasion"; tableName: "products"; dataType: "string"; columnType: "PgText"; data: string; driverParam: string; notNull: false; hasDefault: false; isPrimaryKey: false; isAutoincrement: false; ... 4 more ...; generated: undefined; }, {}, {}>' is not assignable to parameter of type 'Aliased<string | null>'.
      Type 'PgColumn<{ name: "occasion"; tableName: "products"; dataType: "string"; columnType: "PgText"; data: string; driverParam: string; notNull: false; hasDefault: false; isPrimaryKey: false; isAutoincrement: false; ... 4 more ...; generated: undefined; }, {}, {}>' is missing the following properties from type 'Aliased<string | null>': sql, fieldAlias
  Overload 3 of 3, '(left: never, right: unknown): SQL<unknown>', gave the following error.
    Argument of type 'PgColumn<{ name: "occasion"; tableName: "products"; dataType: "string"; columnType: "PgText"; data: string; driverParam: string; notNull: false; hasDefault: false; isPrimaryKey: false; isAutoincrement: false; ... 4 more ...; generated: undefined; }, {}, {}>' is not assignable to parameter of type 'never'.
server/services/whatsapp-notifications.ts(109,59): error TS2339: Property 'priority_threshold' does not exist on type '{ id: string; name: string; whatsapp_number: string | null; email: string | null; role: string | null; notification_types: unknown; is_active: boolean | null; created_at: Date | null; updated_at: Date | null; }'.
server/services/whatsapp-notifications.ts(115,21): error TS2339: Property 'quiet_hours_enabled' does not exist on type '{ id: string; name: string; whatsapp_number: string | null; email: string | null; role: string | null; notification_types: unknown; is_active: boolean | null; created_at: Date | null; updated_at: Date | null; }'.
server/services/whatsapp-notifications.ts(116,19): error TS2339: Property 'quiet_hours_start' does not exist on type '{ id: string; name: string; whatsapp_number: string | null; email: string | null; role: string | null; notification_types: unknown; is_active: boolean | null; created_at: Date | null; updated_at: Date | null; }'.
server/services/whatsapp-notifications.ts(117,19): error TS2339: Property 'quiet_hours_end' does not exist on type '{ id: string; name: string; whatsapp_number: string | null; email: string | null; role: string | null; notification_types: unknown; is_active: boolean | null; created_at: Date | null; updated_at: Date | null; }'.
server/services/whatsapp-notifications.ts(173,9): error TS2769: No overload matches this call.
  Overload 1 of 2, '(value: { message: string | SQL<unknown> | Placeholder<string, any>; type: string | SQL<unknown> | Placeholder<string, any>; title: string | SQL<unknown> | Placeholder<...>; ... 11 more ...; recipient_id?: string | ... 3 more ... | undefined; }): PgInsertBase<...>', gave the following error.
    Object literal may only specify known properties, and 'notification_type' does not exist in type '{ message: string | SQL<unknown> | Placeholder<string, any>; type: string | SQL<unknown> | Placeholder<string, any>; title: string | SQL<unknown> | Placeholder<string, any>; ... 11 more ...; recipient_id?: string | ... 3 more ... | undefined; }'.
  Overload 2 of 2, '(values: { message: string | SQL<unknown> | Placeholder<string, any>; type: string | SQL<unknown> | Placeholder<string, any>; title: string | SQL<unknown> | Placeholder<...>; ... 11 more ...; recipient_id?: string | ... 3 more ... | undefined; }[]): PgInsertBase<...>', gave the following error.
    Object literal may only specify known properties, and 'notification_type' does not exist in type '{ message: string | SQL<unknown> | Placeholder<string, any>; type: string | SQL<unknown> | Placeholder<string, any>; title: string | SQL<unknown> | Placeholder<string, any>; ... 11 more ...; recipient_id?: string | ... 3 more ... | undefined; }[]'.
server/services/whatsapp-notifications.ts(205,11): error TS2769: No overload matches this call.
  Overload 1 of 2, '(value: { message: string | SQL<unknown> | Placeholder<string, any>; type: string | SQL<unknown> | Placeholder<string, any>; title: string | SQL<unknown> | Placeholder<...>; ... 11 more ...; recipient_id?: string | ... 3 more ... | undefined; }): PgInsertBase<...>', gave the following error.
    Object literal may only specify known properties, and 'notification_type' does not exist in type '{ message: string | SQL<unknown> | Placeholder<string, any>; type: string | SQL<unknown> | Placeholder<string, any>; title: string | SQL<unknown> | Placeholder<string, any>; ... 11 more ...; recipient_id?: string | ... 3 more ... | undefined; }'.
  Overload 2 of 2, '(values: { message: string | SQL<unknown> | Placeholder<string, any>; type: string | SQL<unknown> | Placeholder<string, any>; title: string | SQL<unknown> | Placeholder<...>; ... 11 more ...; recipient_id?: string | ... 3 more ... | undefined; }[]): PgInsertBase<...>', gave the following error.
    Object literal may only specify known properties, and 'notification_type' does not exist in type '{ message: string | SQL<unknown> | Placeholder<string, any>; type: string | SQL<unknown> | Placeholder<string, any>; title: string | SQL<unknown> | Placeholder<string, any>; ... 11 more ...; recipient_id?: string | ... 3 more ... | undefined; }[]'.
server/services/whatsapp-notifications.ts(224,11): error TS2769: No overload matches this call.
  Overload 1 of 2, '(value: { message: string | SQL<unknown> | Placeholder<string, any>; type: string | SQL<unknown> | Placeholder<string, any>; title: string | SQL<unknown> | Placeholder<...>; ... 11 more ...; recipient_id?: string | ... 3 more ... | undefined; }): PgInsertBase<...>', gave the following error.
    Object literal may only specify known properties, and 'notification_type' does not exist in type '{ message: string | SQL<unknown> | Placeholder<string, any>; type: string | SQL<unknown> | Placeholder<string, any>; title: string | SQL<unknown> | Placeholder<string, any>; ... 11 more ...; recipient_id?: string | ... 3 more ... | undefined; }'.
  Overload 2 of 2, '(values: { message: string | SQL<unknown> | Placeholder<string, any>; type: string | SQL<unknown> | Placeholder<string, any>; title: string | SQL<unknown> | Placeholder<...>; ... 11 more ...; recipient_id?: string | ... 3 more ... | undefined; }[]): PgInsertBase<...>', gave the following error.
    Object literal may only specify known properties, and 'notification_type' does not exist in type '{ message: string | SQL<unknown> | Placeholder<string, any>; type: string | SQL<unknown> | Placeholder<string, any>; title: string | SQL<unknown> | Placeholder<string, any>; ... 11 more ...; recipient_id?: string | ... 3 more ... | undefined; }[]'.
server/utils/cartErrors.ts(141,18): error TS2339: Property 'message' does not exist on type '{ readonly code: "PRODUCT_NOT_FOUND"; readonly status: 404; readonly message: "This product is no longer available."; readonly userAction: "Please remove this item from your cart."; } | ... 13 more ... | { ...; }'.
  Property 'message' does not exist on type '{ readonly code: "INSUFFICIENT_STOCK"; readonly status: 400; readonly messageTemplate: (available: number) => string; readonly userAction: "Please reduce the quantity or check back later."; }'.
